// Vitest Snapshot v1, https://vitest.dev/guide/snapshot.html

exports[`Error page component > renders 1`] = `
<DocumentFragment>
  <div>
    <h1>
      Oh no, this route doesn't exist!
    </h1>
    <a
      data-discover="true"
      href="/"
    >
      You can go back to the home page by clicking here, though!
    </a>
  </div>
</DocumentFragment>
`;
